../Core/Src/main.c:88:6:Map	24	static
../Core/Src/main.c:96:6:HAL_ADC_ConvCpltCallback	24	static
../Core/Src/main.c:116:5:main	24	static
../Core/Src/main.c:194:6:SystemClock_Config	88	static
../Core/Src/main.c:240:13:MX_ADC1_Init	56	static
../Core/Src/main.c:333:13:MX_I2C1_Init	8	static
../Core/Src/main.c:381:13:MX_SPI1_Init	8	static
../Core/Src/main.c:421:13:MX_TIM1_Init	104	static
../Core/Src/main.c:499:13:MX_DMA_Init	16	static
../Core/Src/main.c:527:13:MX_GPIO_Init	48	static
../Core/Src/main.c:557:6:Error_Handler	4	static,ignoring_inline_asm
