../Core/Src/main.c:94:6:Map	24	static
../Core/Src/main.c:102:6:HAL_ADC_ConvCpltCallback	32	static
../Core/Src/main.c:123:5:main	8	static
../Core/Src/main.c:204:6:SystemClock_Config	88	static
../Core/Src/main.c:250:13:MX_ADC1_Init	56	static
../Core/Src/main.c:343:13:MX_I2C1_Init	8	static
../Core/Src/main.c:391:13:MX_SPI1_Init	8	static
../Core/Src/main.c:431:13:MX_TIM1_Init	104	static
../Core/Src/main.c:509:13:MX_DMA_Init	16	static
../Core/Src/main.c:537:13:MX_GPIO_Init	48	static
../Core/Src/main.c:567:6:Error_Handler	4	static,ignoring_inline_asm
